To honour the JVM settings for this build a single-use Daemon process will be forked. For more on this, please refer to https://docs.gradle.org/8.8/userguide/gradle_daemon.html#sec:disabling_the_daemon in the Gradle documentation.
Daemon will be stopped at the end of the build 
> Task :gradle-plugin:settings-plugin:checkKotlinGradlePluginConfigurationErrors
> Task :gradle-plugin:settings-plugin:compileKotlin UP-TO-DATE
> Task :gradle-plugin:settings-plugin:compileJava NO-SOURCE
> Task :gradle-plugin:settings-plugin:pluginDescriptors UP-TO-DATE
> Task :gradle-plugin:settings-plugin:processResources UP-TO-DATE
> Task :gradle-plugin:settings-plugin:classes UP-TO-DATE
> Task :gradle-plugin:settings-plugin:jar UP-TO-DATE
> Task :gradle-plugin:react-native-gradle-plugin:checkKotlinGradlePluginConfigurationErrors
> Task :expo-dev-launcher-gradle-plugin:checkKotlinGradlePluginConfigurationErrors
> Task :expo-updates-gradle-plugin:checkKotlinGradlePluginConfigurationErrors
> Task :expo-updates-gradle-plugin:pluginDescriptors UP-TO-DATE
> Task :expo-updates-gradle-plugin:processResources UP-TO-DATE
> Task :expo-dev-launcher-gradle-plugin:compileKotlin UP-TO-DATE
> Task :expo-dev-launcher-gradle-plugin:compileJava NO-SOURCE
> Task :gradle-plugin:react-native-gradle-plugin:compileKotlin UP-TO-DATE
> Task :expo-dev-launcher-gradle-plugin:pluginDescriptors UP-TO-DATE
> Task :gradle-plugin:react-native-gradle-plugin:compileJava NO-SOURCE
> Task :expo-dev-launcher-gradle-plugin:processResources UP-TO-DATE
> Task :expo-dev-launcher-gradle-plugin:classes UP-TO-DATE
> Task :gradle-plugin:react-native-gradle-plugin:pluginDescriptors UP-TO-DATE
> Task :expo-dev-launcher-gradle-plugin:jar UP-TO-DATE
> Task :gradle-plugin:react-native-gradle-plugin:processResources UP-TO-DATE
> Task :gradle-plugin:react-native-gradle-plugin:classes UP-TO-DATE
> Task :gradle-plugin:react-native-gradle-plugin:jar UP-TO-DATE
> Task :expo-updates-gradle-plugin:compileKotlin UP-TO-DATE
> Task :expo-updates-gradle-plugin:compileJava NO-SOURCE
> Task :expo-updates-gradle-plugin:classes UP-TO-DATE
> Task :expo-updates-gradle-plugin:jar UP-TO-DATE

> Configure project :app
 ??  [33mApplying gradle plugin[0m '[32mexpo-dev-launcher-gradle-plugin[0m' (expo-dev-launcher@4.0.29)
 ??  [33mApplying gradle plugin[0m '[32mexpo-updates-gradle-plugin[0m' (expo-updates@0.25.28)

> Configure project :expo

Using expo modules
  - [32mexpo-application[0m (5.9.1)
  - [32mexpo-asset[0m (10.0.10)
  - [32mexpo-av[0m (14.0.7)
  - [32mexpo-constants[0m (16.0.2)
  - [32mexpo-dev-client[0m (4.0.29)
  - [32mexpo-dev-launcher[0m (4.0.29)
  - [32mexpo-dev-menu[0m (5.0.23)
  - [32mexpo-device[0m (6.0.2)
  - [32mexpo-eas-client[0m (0.12.0)
  - [32mexpo-file-system[0m (17.0.1)
  - [32mexpo-font[0m (12.0.10)
  - [32mexpo-haptics[0m (13.0.1)
  - [32mexpo-image[0m (1.13.0)
  - [32mexpo-image-loader[0m (4.7.0)
  - [32mexpo-image-picker[0m (15.1.0)
  - [32mexpo-json-utils[0m (0.13.1)
  - [32mexpo-keep-awake[0m (13.0.2)
  - [32mexpo-location[0m (17.0.1)
  - [32mexpo-manifests[0m (0.14.3)
  - [32mexpo-modules-core[0m (1.12.26)
  - [32mexpo-notifications[0m (0.28.19)
  - [32mexpo-splash-screen[0m (0.27.7)
  - [32mexpo-structured-headers[0m (3.8.0)
  - [32mexpo-task-manager[0m (11.8.2)
  - [32mexpo-updates[0m (0.25.28)
  - [32munimodules-app-loader[0m (4.6.0)


> Task :app:buildKotlinToolingMetadata UP-TO-DATE
> Task :app:checkKotlinGradlePluginConfigurationErrors
> Task :app:generateCodegenSchemaFromJavaScript SKIPPED
> Task :app:generateCodegenArtifactsFromSchema SKIPPED
> Task :app:generatePackageList
> Task :app:preBuild
> Task :app:preReleaseBuild
> Task :app:generateReleaseBuildConfig UP-TO-DATE
> Task :expo:generateExpoModulesPackageListTask UP-TO-DATE
> Task :expo:preBuild UP-TO-DATE
> Task :expo:preReleaseBuild UP-TO-DATE
> Task :expo:writeReleaseAarMetadata UP-TO-DATE
> Task :expo-application:preBuild UP-TO-DATE
> Task :expo-application:preReleaseBuild UP-TO-DATE
> Task :expo-application:writeReleaseAarMetadata UP-TO-DATE
> Task :expo-asset:preBuild UP-TO-DATE
> Task :expo-asset:preReleaseBuild UP-TO-DATE
> Task :expo-asset:writeReleaseAarMetadata UP-TO-DATE
> Task :expo-av:preBuild UP-TO-DATE
> Task :expo-av:preReleaseBuild UP-TO-DATE
> Task :expo-av:writeReleaseAarMetadata UP-TO-DATE
> Task :expo-constants:createExpoConfig UP-TO-DATE
> Task :expo-constants:preBuild UP-TO-DATE
> Task :expo-constants:preReleaseBuild UP-TO-DATE
> Task :expo-constants:writeReleaseAarMetadata UP-TO-DATE
> Task :expo-dev-client:preBuild UP-TO-DATE
> Task :expo-dev-client:preReleaseBuild UP-TO-DATE
> Task :expo-dev-client:writeReleaseAarMetadata UP-TO-DATE
> Task :expo-dev-launcher:preBuild UP-TO-DATE
> Task :expo-dev-launcher:preReleaseBuild UP-TO-DATE
> Task :expo-dev-launcher:writeReleaseAarMetadata UP-TO-DATE
> Task :expo-dev-menu:preBuild UP-TO-DATE
> Task :expo-dev-menu:preReleaseBuild UP-TO-DATE
> Task :expo-dev-menu:writeReleaseAarMetadata UP-TO-DATE
> Task :expo-dev-menu-interface:preBuild UP-TO-DATE
> Task :expo-dev-menu-interface:preReleaseBuild UP-TO-DATE
> Task :expo-dev-menu-interface:writeReleaseAarMetadata UP-TO-DATE
> Task :expo-device:preBuild UP-TO-DATE
> Task :expo-device:preReleaseBuild UP-TO-DATE
> Task :expo-device:writeReleaseAarMetadata UP-TO-DATE
> Task :expo-eas-client:preBuild UP-TO-DATE
> Task :expo-eas-client:preReleaseBuild UP-TO-DATE
> Task :expo-eas-client:writeReleaseAarMetadata UP-TO-DATE
> Task :expo-file-system:preBuild UP-TO-DATE
> Task :expo-file-system:preReleaseBuild UP-TO-DATE
> Task :expo-file-system:writeReleaseAarMetadata UP-TO-DATE
> Task :expo-font:preBuild UP-TO-DATE
> Task :expo-font:preReleaseBuild UP-TO-DATE
> Task :expo-font:writeReleaseAarMetadata UP-TO-DATE
> Task :expo-haptics:preBuild UP-TO-DATE
> Task :expo-haptics:preReleaseBuild UP-TO-DATE
> Task :expo-haptics:writeReleaseAarMetadata UP-TO-DATE
> Task :expo-image:preBuild UP-TO-DATE
> Task :expo-image:preReleaseBuild UP-TO-DATE
> Task :expo-image:writeReleaseAarMetadata UP-TO-DATE
> Task :expo-image-loader:preBuild UP-TO-DATE
> Task :expo-image-loader:preReleaseBuild UP-TO-DATE
> Task :expo-image-loader:writeReleaseAarMetadata UP-TO-DATE
> Task :expo-image-picker:preBuild UP-TO-DATE
> Task :expo-image-picker:preReleaseBuild UP-TO-DATE
> Task :expo-image-picker:writeReleaseAarMetadata UP-TO-DATE
> Task :expo-json-utils:preBuild UP-TO-DATE
> Task :expo-json-utils:preReleaseBuild UP-TO-DATE
> Task :expo-json-utils:writeReleaseAarMetadata UP-TO-DATE
> Task :expo-keep-awake:preBuild UP-TO-DATE
> Task :expo-keep-awake:preReleaseBuild UP-TO-DATE
> Task :expo-keep-awake:writeReleaseAarMetadata UP-TO-DATE
> Task :expo-location:preBuild UP-TO-DATE
> Task :expo-location:preReleaseBuild UP-TO-DATE
> Task :expo-location:writeReleaseAarMetadata UP-TO-DATE
> Task :expo-manifests:preBuild UP-TO-DATE
> Task :expo-manifests:preReleaseBuild UP-TO-DATE
> Task :expo-manifests:writeReleaseAarMetadata UP-TO-DATE
> Task :expo-modules-core:preBuild UP-TO-DATE
> Task :expo-modules-core:preReleaseBuild UP-TO-DATE
> Task :expo-modules-core:writeReleaseAarMetadata UP-TO-DATE
> Task :expo-notifications:preBuild UP-TO-DATE
> Task :expo-notifications:preReleaseBuild UP-TO-DATE
> Task :expo-notifications:writeReleaseAarMetadata UP-TO-DATE
> Task :expo-splash-screen:preBuild UP-TO-DATE
> Task :expo-splash-screen:preReleaseBuild UP-TO-DATE
> Task :expo-splash-screen:writeReleaseAarMetadata UP-TO-DATE
> Task :expo-structured-headers:preBuild UP-TO-DATE
> Task :expo-structured-headers:preReleaseBuild UP-TO-DATE
> Task :expo-structured-headers:writeReleaseAarMetadata UP-TO-DATE
> Task :expo-task-manager:preBuild UP-TO-DATE
> Task :expo-task-manager:preReleaseBuild UP-TO-DATE
> Task :expo-task-manager:writeReleaseAarMetadata UP-TO-DATE
> Task :expo-updates:preBuild UP-TO-DATE
> Task :expo-updates:preReleaseBuild UP-TO-DATE
> Task :expo-updates:writeReleaseAarMetadata UP-TO-DATE
> Task :expo-updates-interface:preBuild UP-TO-DATE
> Task :expo-updates-interface:preReleaseBuild UP-TO-DATE
> Task :expo-updates-interface:writeReleaseAarMetadata UP-TO-DATE
> Task :react-native-async-storage_async-storage:preBuild UP-TO-DATE
> Task :react-native-async-storage_async-storage:preReleaseBuild UP-TO-DATE
> Task :react-native-async-storage_async-storage:writeReleaseAarMetadata UP-TO-DATE
> Task :react-native-community_netinfo:preBuild UP-TO-DATE
> Task :react-native-community_netinfo:preReleaseBuild UP-TO-DATE
> Task :react-native-community_netinfo:writeReleaseAarMetadata UP-TO-DATE
> Task :react-native-gesture-handler:preBuild UP-TO-DATE
> Task :react-native-gesture-handler:preReleaseBuild UP-TO-DATE
> Task :react-native-gesture-handler:writeReleaseAarMetadata UP-TO-DATE
> Task :react-native-maps:preBuild UP-TO-DATE
> Task :react-native-maps:preReleaseBuild UP-TO-DATE
> Task :react-native-maps:writeReleaseAarMetadata UP-TO-DATE
> Task :react-native-safe-area-context:preBuild UP-TO-DATE
> Task :react-native-safe-area-context:preReleaseBuild UP-TO-DATE
> Task :react-native-safe-area-context:writeReleaseAarMetadata UP-TO-DATE
> Task :react-native-screens:preBuild UP-TO-DATE
> Task :react-native-screens:preReleaseBuild UP-TO-DATE
> Task :react-native-screens:writeReleaseAarMetadata UP-TO-DATE
> Task :react-native-svg:preBuild UP-TO-DATE
> Task :react-native-svg:preReleaseBuild UP-TO-DATE
> Task :react-native-svg:writeReleaseAarMetadata UP-TO-DATE
> Task :sentry_react-native:preBuild UP-TO-DATE
> Task :sentry_react-native:preReleaseBuild UP-TO-DATE
> Task :sentry_react-native:writeReleaseAarMetadata UP-TO-DATE
> Task :unimodules-app-loader:preBuild UP-TO-DATE
> Task :unimodules-app-loader:preReleaseBuild UP-TO-DATE
> Task :unimodules-app-loader:writeReleaseAarMetadata UP-TO-DATE
> Task :app:checkReleaseAarMetadata UP-TO-DATE
> Task :app:createBundleReleaseJsAndAssets UP-TO-DATE
> Task :app:generateReleaseResValues UP-TO-DATE
> Task :expo:generateReleaseResValues UP-TO-DATE
> Task :expo:generateReleaseResources UP-TO-DATE
> Task :expo:packageReleaseResources UP-TO-DATE
> Task :expo-application:generateReleaseResValues UP-TO-DATE
> Task :expo-application:generateReleaseResources UP-TO-DATE
> Task :expo-application:packageReleaseResources UP-TO-DATE
> Task :expo-asset:generateReleaseResValues UP-TO-DATE
> Task :expo-asset:generateReleaseResources UP-TO-DATE
> Task :expo-asset:packageReleaseResources UP-TO-DATE
> Task :expo-av:generateReleaseResValues UP-TO-DATE
> Task :expo-av:generateReleaseResources UP-TO-DATE
> Task :expo-av:packageReleaseResources UP-TO-DATE
> Task :expo-constants:generateReleaseResValues UP-TO-DATE
> Task :expo-constants:generateReleaseResources UP-TO-DATE
> Task :expo-constants:packageReleaseResources UP-TO-DATE
> Task :expo-dev-client:generateReleaseResValues UP-TO-DATE
> Task :expo-dev-client:generateReleaseResources UP-TO-DATE
> Task :expo-dev-client:packageReleaseResources UP-TO-DATE
> Task :expo-dev-launcher:generateReleaseResValues UP-TO-DATE
> Task :expo-dev-launcher:generateReleaseResources UP-TO-DATE
> Task :expo-dev-launcher:packageReleaseResources UP-TO-DATE
> Task :expo-dev-menu:generateReleaseResValues UP-TO-DATE
> Task :expo-dev-menu:generateReleaseResources UP-TO-DATE
> Task :expo-dev-menu:packageReleaseResources UP-TO-DATE
> Task :expo-dev-menu-interface:generateReleaseResValues UP-TO-DATE
> Task :expo-dev-menu-interface:generateReleaseResources UP-TO-DATE
> Task :expo-dev-menu-interface:packageReleaseResources UP-TO-DATE
> Task :expo-device:generateReleaseResValues UP-TO-DATE
> Task :expo-device:generateReleaseResources UP-TO-DATE
> Task :expo-device:packageReleaseResources UP-TO-DATE
> Task :expo-eas-client:generateReleaseResValues UP-TO-DATE
> Task :expo-eas-client:generateReleaseResources UP-TO-DATE
> Task :expo-eas-client:packageReleaseResources UP-TO-DATE
> Task :expo-file-system:generateReleaseResValues UP-TO-DATE
> Task :expo-file-system:generateReleaseResources UP-TO-DATE
> Task :expo-file-system:packageReleaseResources UP-TO-DATE
> Task :expo-font:generateReleaseResValues UP-TO-DATE
> Task :expo-font:generateReleaseResources UP-TO-DATE
> Task :expo-font:packageReleaseResources UP-TO-DATE
> Task :expo-haptics:generateReleaseResValues UP-TO-DATE
> Task :expo-haptics:generateReleaseResources UP-TO-DATE
> Task :expo-haptics:packageReleaseResources UP-TO-DATE
> Task :expo-image:generateReleaseResValues UP-TO-DATE
> Task :expo-image:generateReleaseResources UP-TO-DATE
> Task :expo-image:packageReleaseResources UP-TO-DATE
> Task :expo-image-loader:generateReleaseResValues UP-TO-DATE
> Task :expo-image-loader:generateReleaseResources UP-TO-DATE
> Task :expo-image-loader:packageReleaseResources UP-TO-DATE
> Task :expo-image-picker:generateReleaseResValues UP-TO-DATE
> Task :expo-image-picker:generateReleaseResources UP-TO-DATE
> Task :expo-image-picker:packageReleaseResources UP-TO-DATE
> Task :expo-json-utils:generateReleaseResValues UP-TO-DATE
> Task :expo-json-utils:generateReleaseResources UP-TO-DATE
> Task :expo-json-utils:packageReleaseResources UP-TO-DATE
> Task :expo-keep-awake:generateReleaseResValues UP-TO-DATE
> Task :expo-keep-awake:generateReleaseResources UP-TO-DATE
> Task :expo-keep-awake:packageReleaseResources UP-TO-DATE
> Task :expo-location:generateReleaseResValues UP-TO-DATE
> Task :expo-location:generateReleaseResources UP-TO-DATE
> Task :expo-location:packageReleaseResources UP-TO-DATE
> Task :expo-manifests:generateReleaseResValues UP-TO-DATE
> Task :expo-manifests:generateReleaseResources UP-TO-DATE
> Task :expo-manifests:packageReleaseResources UP-TO-DATE
> Task :expo-modules-core:generateReleaseResValues UP-TO-DATE
> Task :expo-modules-core:generateReleaseResources UP-TO-DATE
> Task :expo-modules-core:packageReleaseResources UP-TO-DATE
> Task :expo-notifications:generateReleaseResValues UP-TO-DATE
> Task :expo-notifications:generateReleaseResources UP-TO-DATE
> Task :expo-notifications:packageReleaseResources UP-TO-DATE
> Task :expo-splash-screen:generateReleaseResValues UP-TO-DATE
> Task :expo-splash-screen:generateReleaseResources UP-TO-DATE
> Task :expo-splash-screen:packageReleaseResources UP-TO-DATE
> Task :expo-structured-headers:generateReleaseResValues UP-TO-DATE
> Task :expo-structured-headers:generateReleaseResources UP-TO-DATE
> Task :expo-structured-headers:packageReleaseResources UP-TO-DATE
> Task :expo-task-manager:generateReleaseResValues UP-TO-DATE
> Task :expo-task-manager:generateReleaseResources UP-TO-DATE
> Task :expo-task-manager:packageReleaseResources UP-TO-DATE
> Task :expo-updates:generateReleaseResValues UP-TO-DATE
> Task :expo-updates:generateReleaseResources UP-TO-DATE
> Task :expo-updates:packageReleaseResources UP-TO-DATE
> Task :expo-updates-interface:generateReleaseResValues UP-TO-DATE
> Task :expo-updates-interface:generateReleaseResources UP-TO-DATE
> Task :expo-updates-interface:packageReleaseResources UP-TO-DATE
> Task :react-native-async-storage_async-storage:generateReleaseResValues UP-TO-DATE
> Task :react-native-async-storage_async-storage:generateReleaseResources UP-TO-DATE
> Task :react-native-async-storage_async-storage:packageReleaseResources UP-TO-DATE
> Task :react-native-community_netinfo:generateReleaseResValues UP-TO-DATE
> Task :react-native-community_netinfo:generateReleaseResources UP-TO-DATE
> Task :react-native-community_netinfo:packageReleaseResources UP-TO-DATE
> Task :react-native-gesture-handler:generateReleaseResValues UP-TO-DATE
> Task :react-native-gesture-handler:generateReleaseResources UP-TO-DATE
> Task :react-native-gesture-handler:packageReleaseResources UP-TO-DATE
> Task :react-native-maps:generateReleaseResValues UP-TO-DATE
> Task :react-native-maps:generateReleaseResources UP-TO-DATE
> Task :react-native-maps:packageReleaseResources UP-TO-DATE
> Task :react-native-safe-area-context:generateReleaseResValues UP-TO-DATE
> Task :react-native-safe-area-context:generateReleaseResources UP-TO-DATE
> Task :react-native-safe-area-context:packageReleaseResources UP-TO-DATE
> Task :react-native-screens:generateReleaseResValues UP-TO-DATE
> Task :react-native-screens:generateReleaseResources UP-TO-DATE
> Task :react-native-screens:packageReleaseResources UP-TO-DATE
> Task :react-native-svg:generateReleaseResValues UP-TO-DATE
> Task :react-native-svg:generateReleaseResources UP-TO-DATE
> Task :react-native-svg:packageReleaseResources UP-TO-DATE
> Task :sentry_react-native:generateReleaseResValues UP-TO-DATE
> Task :sentry_react-native:generateReleaseResources UP-TO-DATE
> Task :sentry_react-native:packageReleaseResources UP-TO-DATE
> Task :unimodules-app-loader:generateReleaseResValues UP-TO-DATE
> Task :unimodules-app-loader:generateReleaseResources UP-TO-DATE
> Task :unimodules-app-loader:packageReleaseResources UP-TO-DATE
> Task :app:mapReleaseSourceSetPaths UP-TO-DATE
> Task :app:generateReleaseResources UP-TO-DATE
> Task :app:mergeReleaseResources UP-TO-DATE
> Task :app:packageReleaseResources UP-TO-DATE
> Task :app:parseReleaseLocalResources UP-TO-DATE
> Task :app:createReleaseCompatibleScreenManifests UP-TO-DATE
> Task :app:extractDeepLinksRelease UP-TO-DATE
> Task :expo:extractDeepLinksRelease UP-TO-DATE
> Task :expo:processReleaseManifest UP-TO-DATE
> Task :expo-application:extractDeepLinksRelease UP-TO-DATE
> Task :expo-application:processReleaseManifest UP-TO-DATE
> Task :expo-asset:extractDeepLinksRelease UP-TO-DATE
> Task :expo-asset:processReleaseManifest UP-TO-DATE
> Task :expo-av:extractDeepLinksRelease UP-TO-DATE
> Task :expo-av:processReleaseManifest UP-TO-DATE
> Task :expo-constants:extractDeepLinksRelease UP-TO-DATE
> Task :expo-constants:processReleaseManifest UP-TO-DATE
> Task :expo-dev-client:extractDeepLinksRelease UP-TO-DATE
> Task :expo-dev-client:processReleaseManifest UP-TO-DATE
> Task :expo-dev-launcher:extractDeepLinksRelease UP-TO-DATE
> Task :expo-dev-launcher:processReleaseManifest UP-TO-DATE
> Task :expo-dev-menu:extractDeepLinksRelease UP-TO-DATE
> Task :expo-dev-menu:processReleaseManifest UP-TO-DATE
> Task :expo-dev-menu-interface:extractDeepLinksRelease UP-TO-DATE
> Task :expo-dev-menu-interface:processReleaseManifest UP-TO-DATE
> Task :expo-device:extractDeepLinksRelease UP-TO-DATE
> Task :expo-device:processReleaseManifest UP-TO-DATE
> Task :expo-eas-client:extractDeepLinksRelease UP-TO-DATE
> Task :expo-eas-client:processReleaseManifest UP-TO-DATE
> Task :expo-file-system:extractDeepLinksRelease UP-TO-DATE
> Task :expo-file-system:processReleaseManifest UP-TO-DATE
> Task :expo-font:extractDeepLinksRelease UP-TO-DATE
> Task :expo-font:processReleaseManifest UP-TO-DATE
> Task :expo-haptics:extractDeepLinksRelease UP-TO-DATE
> Task :expo-haptics:processReleaseManifest UP-TO-DATE
> Task :expo-image:extractDeepLinksRelease UP-TO-DATE
> Task :expo-image:processReleaseManifest UP-TO-DATE
> Task :expo-image-loader:extractDeepLinksRelease UP-TO-DATE
> Task :expo-image-loader:processReleaseManifest UP-TO-DATE
> Task :expo-image-picker:extractDeepLinksRelease UP-TO-DATE
> Task :expo-image-picker:processReleaseManifest UP-TO-DATE
> Task :expo-json-utils:extractDeepLinksRelease UP-TO-DATE
> Task :expo-json-utils:processReleaseManifest UP-TO-DATE
> Task :expo-keep-awake:extractDeepLinksRelease UP-TO-DATE
> Task :expo-keep-awake:processReleaseManifest UP-TO-DATE
> Task :expo-location:extractDeepLinksRelease UP-TO-DATE
> Task :expo-location:processReleaseManifest UP-TO-DATE
> Task :expo-manifests:extractDeepLinksRelease UP-TO-DATE
> Task :expo-manifests:processReleaseManifest UP-TO-DATE
> Task :expo-modules-core:extractDeepLinksRelease UP-TO-DATE
> Task :expo-modules-core:processReleaseManifest UP-TO-DATE
> Task :expo-notifications:extractDeepLinksRelease UP-TO-DATE
> Task :expo-notifications:processReleaseManifest UP-TO-DATE
> Task :expo-splash-screen:extractDeepLinksRelease UP-TO-DATE
> Task :expo-splash-screen:processReleaseManifest UP-TO-DATE
> Task :expo-structured-headers:extractDeepLinksRelease UP-TO-DATE
> Task :expo-structured-headers:processReleaseManifest UP-TO-DATE
> Task :expo-task-manager:extractDeepLinksRelease UP-TO-DATE
> Task :expo-task-manager:processReleaseManifest UP-TO-DATE
> Task :expo-updates:extractDeepLinksRelease UP-TO-DATE
> Task :expo-updates:processReleaseManifest UP-TO-DATE
> Task :expo-updates-interface:extractDeepLinksRelease UP-TO-DATE
> Task :expo-updates-interface:processReleaseManifest UP-TO-DATE
> Task :react-native-async-storage_async-storage:extractDeepLinksRelease UP-TO-DATE
> Task :react-native-async-storage_async-storage:processReleaseManifest UP-TO-DATE
> Task :react-native-community_netinfo:extractDeepLinksRelease UP-TO-DATE
> Task :react-native-community_netinfo:processReleaseManifest UP-TO-DATE
> Task :react-native-gesture-handler:extractDeepLinksRelease UP-TO-DATE
> Task :react-native-gesture-handler:processReleaseManifest UP-TO-DATE
> Task :react-native-maps:extractDeepLinksRelease UP-TO-DATE
> Task :react-native-maps:processReleaseManifest UP-TO-DATE
> Task :react-native-safe-area-context:extractDeepLinksRelease UP-TO-DATE
> Task :react-native-safe-area-context:processReleaseManifest UP-TO-DATE
> Task :react-native-screens:extractDeepLinksRelease UP-TO-DATE
> Task :react-native-screens:processReleaseManifest UP-TO-DATE
> Task :react-native-svg:extractDeepLinksRelease UP-TO-DATE
> Task :react-native-svg:processReleaseManifest UP-TO-DATE
> Task :sentry_react-native:extractDeepLinksRelease UP-TO-DATE
> Task :sentry_react-native:processReleaseManifest UP-TO-DATE
> Task :unimodules-app-loader:extractDeepLinksRelease UP-TO-DATE
> Task :unimodules-app-loader:processReleaseManifest UP-TO-DATE
> Task :app:processReleaseMainManifest UP-TO-DATE
> Task :app:processReleaseManifest UP-TO-DATE
> Task :app:processReleaseManifestForPackage UP-TO-DATE
> Task :expo:compileReleaseLibraryResources UP-TO-DATE
> Task :expo:parseReleaseLocalResources UP-TO-DATE
> Task :expo:generateReleaseRFile UP-TO-DATE
> Task :expo-application:compileReleaseLibraryResources UP-TO-DATE
> Task :expo-application:parseReleaseLocalResources UP-TO-DATE
> Task :expo-application:generateReleaseRFile UP-TO-DATE
> Task :expo-asset:compileReleaseLibraryResources UP-TO-DATE
> Task :expo-asset:parseReleaseLocalResources UP-TO-DATE
> Task :expo-asset:generateReleaseRFile UP-TO-DATE
> Task :expo-av:compileReleaseLibraryResources UP-TO-DATE
> Task :expo-av:parseReleaseLocalResources UP-TO-DATE
> Task :expo-av:generateReleaseRFile UP-TO-DATE
> Task :expo-constants:compileReleaseLibraryResources UP-TO-DATE
> Task :expo-constants:parseReleaseLocalResources UP-TO-DATE
> Task :expo-constants:generateReleaseRFile UP-TO-DATE
> Task :expo-dev-client:compileReleaseLibraryResources UP-TO-DATE
> Task :expo-dev-client:parseReleaseLocalResources UP-TO-DATE
> Task :expo-dev-client:generateReleaseRFile UP-TO-DATE
> Task :expo-dev-launcher:compileReleaseLibraryResources UP-TO-DATE
> Task :expo-dev-launcher:parseReleaseLocalResources UP-TO-DATE
> Task :expo-dev-launcher:generateReleaseRFile UP-TO-DATE
> Task :expo-dev-menu:compileReleaseLibraryResources UP-TO-DATE
> Task :expo-dev-menu:parseReleaseLocalResources UP-TO-DATE
> Task :expo-dev-menu:generateReleaseRFile UP-TO-DATE
> Task :expo-dev-menu-interface:compileReleaseLibraryResources UP-TO-DATE
> Task :expo-dev-menu-interface:parseReleaseLocalResources UP-TO-DATE
> Task :expo-dev-menu-interface:generateReleaseRFile UP-TO-DATE
> Task :expo-device:compileReleaseLibraryResources UP-TO-DATE
> Task :expo-device:parseReleaseLocalResources UP-TO-DATE
> Task :expo-device:generateReleaseRFile UP-TO-DATE
> Task :expo-eas-client:compileReleaseLibraryResources UP-TO-DATE
> Task :expo-eas-client:parseReleaseLocalResources UP-TO-DATE
> Task :expo-eas-client:generateReleaseRFile UP-TO-DATE
> Task :expo-file-system:compileReleaseLibraryResources UP-TO-DATE
> Task :expo-file-system:parseReleaseLocalResources UP-TO-DATE
> Task :expo-file-system:generateReleaseRFile UP-TO-DATE
> Task :expo-font:compileReleaseLibraryResources UP-TO-DATE
> Task :expo-font:parseReleaseLocalResources UP-TO-DATE
> Task :expo-font:generateReleaseRFile UP-TO-DATE
> Task :expo-haptics:compileReleaseLibraryResources UP-TO-DATE
> Task :expo-haptics:parseReleaseLocalResources UP-TO-DATE
> Task :expo-haptics:generateReleaseRFile UP-TO-DATE
> Task :expo-image:compileReleaseLibraryResources UP-TO-DATE
> Task :expo-image:parseReleaseLocalResources UP-TO-DATE
> Task :expo-image:generateReleaseRFile UP-TO-DATE
> Task :expo-image-loader:compileReleaseLibraryResources UP-TO-DATE
> Task :expo-image-loader:parseReleaseLocalResources UP-TO-DATE
> Task :expo-image-loader:generateReleaseRFile UP-TO-DATE
> Task :expo-image-picker:compileReleaseLibraryResources UP-TO-DATE
> Task :expo-image-picker:parseReleaseLocalResources UP-TO-DATE
> Task :expo-image-picker:generateReleaseRFile UP-TO-DATE
> Task :expo-json-utils:compileReleaseLibraryResources UP-TO-DATE
> Task :expo-json-utils:parseReleaseLocalResources UP-TO-DATE
> Task :expo-json-utils:generateReleaseRFile UP-TO-DATE
> Task :expo-keep-awake:compileReleaseLibraryResources UP-TO-DATE
> Task :expo-keep-awake:parseReleaseLocalResources UP-TO-DATE
> Task :expo-keep-awake:generateReleaseRFile UP-TO-DATE
> Task :expo-location:compileReleaseLibraryResources UP-TO-DATE
> Task :expo-location:parseReleaseLocalResources UP-TO-DATE
> Task :expo-location:generateReleaseRFile UP-TO-DATE
> Task :expo-manifests:compileReleaseLibraryResources UP-TO-DATE
> Task :expo-manifests:parseReleaseLocalResources UP-TO-DATE
> Task :expo-manifests:generateReleaseRFile UP-TO-DATE
> Task :expo-modules-core:compileReleaseLibraryResources UP-TO-DATE
> Task :expo-modules-core:parseReleaseLocalResources UP-TO-DATE
> Task :expo-modules-core:generateReleaseRFile UP-TO-DATE
> Task :expo-notifications:compileReleaseLibraryResources UP-TO-DATE
> Task :expo-notifications:parseReleaseLocalResources UP-TO-DATE
> Task :expo-notifications:generateReleaseRFile UP-TO-DATE
> Task :expo-splash-screen:compileReleaseLibraryResources UP-TO-DATE
> Task :expo-splash-screen:parseReleaseLocalResources UP-TO-DATE
> Task :expo-splash-screen:generateReleaseRFile UP-TO-DATE
> Task :expo-structured-headers:compileReleaseLibraryResources UP-TO-DATE
> Task :expo-structured-headers:parseReleaseLocalResources UP-TO-DATE
> Task :expo-structured-headers:generateReleaseRFile UP-TO-DATE
> Task :expo-task-manager:compileReleaseLibraryResources UP-TO-DATE
> Task :expo-task-manager:parseReleaseLocalResources UP-TO-DATE
> Task :expo-task-manager:generateReleaseRFile UP-TO-DATE
> Task :expo-updates:compileReleaseLibraryResources UP-TO-DATE
> Task :expo-updates:parseReleaseLocalResources UP-TO-DATE
> Task :expo-updates:generateReleaseRFile UP-TO-DATE
> Task :expo-updates-interface:compileReleaseLibraryResources UP-TO-DATE
> Task :expo-updates-interface:parseReleaseLocalResources UP-TO-DATE
> Task :expo-updates-interface:generateReleaseRFile UP-TO-DATE
> Task :react-native-async-storage_async-storage:compileReleaseLibraryResources UP-TO-DATE
> Task :react-native-async-storage_async-storage:parseReleaseLocalResources UP-TO-DATE
> Task :react-native-async-storage_async-storage:generateReleaseRFile UP-TO-DATE
> Task :react-native-community_netinfo:compileReleaseLibraryResources UP-TO-DATE
> Task :react-native-community_netinfo:parseReleaseLocalResources UP-TO-DATE
> Task :react-native-community_netinfo:generateReleaseRFile UP-TO-DATE
> Task :react-native-gesture-handler:compileReleaseLibraryResources UP-TO-DATE
> Task :react-native-gesture-handler:parseReleaseLocalResources UP-TO-DATE
> Task :react-native-gesture-handler:generateReleaseRFile UP-TO-DATE
> Task :react-native-maps:compileReleaseLibraryResources UP-TO-DATE
> Task :react-native-maps:parseReleaseLocalResources UP-TO-DATE
> Task :react-native-maps:generateReleaseRFile UP-TO-DATE
> Task :react-native-safe-area-context:compileReleaseLibraryResources UP-TO-DATE
> Task :react-native-safe-area-context:parseReleaseLocalResources UP-TO-DATE
> Task :react-native-safe-area-context:generateReleaseRFile UP-TO-DATE
> Task :react-native-screens:compileReleaseLibraryResources UP-TO-DATE
> Task :react-native-screens:parseReleaseLocalResources UP-TO-DATE
> Task :react-native-screens:generateReleaseRFile UP-TO-DATE
> Task :react-native-svg:compileReleaseLibraryResources UP-TO-DATE
> Task :react-native-svg:parseReleaseLocalResources UP-TO-DATE
> Task :react-native-svg:generateReleaseRFile UP-TO-DATE
> Task :sentry_react-native:compileReleaseLibraryResources UP-TO-DATE
> Task :sentry_react-native:parseReleaseLocalResources UP-TO-DATE
> Task :sentry_react-native:generateReleaseRFile UP-TO-DATE
> Task :unimodules-app-loader:compileReleaseLibraryResources UP-TO-DATE
> Task :unimodules-app-loader:parseReleaseLocalResources UP-TO-DATE
> Task :unimodules-app-loader:generateReleaseRFile UP-TO-DATE
> Task :app:processReleaseResources UP-TO-DATE
> Task :expo:checkKotlinGradlePluginConfigurationErrors
> Task :expo:generateReleaseBuildConfig UP-TO-DATE
> Task :expo-application:checkKotlinGradlePluginConfigurationErrors
> Task :expo-application:generateReleaseBuildConfig UP-TO-DATE
> Task :expo-modules-core:checkKotlinGradlePluginConfigurationErrors
> Task :expo-modules-core:generateReleaseBuildConfig UP-TO-DATE
> Task :expo-modules-core:compileReleaseKotlin UP-TO-DATE
> Task :expo-modules-core:javaPreCompileRelease UP-TO-DATE
> Task :expo-modules-core:compileReleaseJavaWithJavac UP-TO-DATE
> Task :expo-modules-core:bundleLibCompileToJarRelease UP-TO-DATE
> Task :expo-application:compileReleaseKotlin UP-TO-DATE
> Task :expo-application:javaPreCompileRelease UP-TO-DATE
> Task :expo-application:compileReleaseJavaWithJavac UP-TO-DATE
> Task :expo-application:bundleLibCompileToJarRelease UP-TO-DATE
> Task :expo-asset:checkKotlinGradlePluginConfigurationErrors
> Task :expo-asset:generateReleaseBuildConfig UP-TO-DATE
> Task :expo-asset:compileReleaseKotlin UP-TO-DATE
> Task :expo-asset:javaPreCompileRelease UP-TO-DATE
> Task :expo-asset:compileReleaseJavaWithJavac UP-TO-DATE
> Task :expo-asset:bundleLibCompileToJarRelease UP-TO-DATE
> Task :expo-av:checkKotlinGradlePluginConfigurationErrors
> Task :expo-av:generateReleaseBuildConfig UP-TO-DATE
> Task :expo-av:compileReleaseKotlin UP-TO-DATE
> Task :expo-av:javaPreCompileRelease UP-TO-DATE
> Task :expo-av:compileReleaseJavaWithJavac UP-TO-DATE
> Task :expo-av:bundleLibCompileToJarRelease UP-TO-DATE
> Task :expo-constants:checkKotlinGradlePluginConfigurationErrors
> Task :expo-constants:generateReleaseBuildConfig UP-TO-DATE
> Task :expo-constants:compileReleaseKotlin UP-TO-DATE
> Task :expo-constants:javaPreCompileRelease UP-TO-DATE
> Task :expo-constants:compileReleaseJavaWithJavac UP-TO-DATE
> Task :expo-constants:bundleLibCompileToJarRelease UP-TO-DATE
> Task :expo-dev-client:checkKotlinGradlePluginConfigurationErrors
> Task :expo-dev-client:dataBindingMergeDependencyArtifactsRelease UP-TO-DATE
> Task :expo-dev-client:dataBindingGenBaseClassesRelease UP-TO-DATE
> Task :expo-dev-client:generateReleaseBuildConfig UP-TO-DATE
> Task :expo-dev-client:compileReleaseKotlin NO-SOURCE
> Task :expo-dev-client:javaPreCompileRelease UP-TO-DATE
> Task :expo-dev-client:compileReleaseJavaWithJavac UP-TO-DATE
> Task :expo-dev-client:bundleLibCompileToJarRelease UP-TO-DATE
> Task :expo-dev-launcher:checkKotlinGradlePluginConfigurationErrors
> Task :expo-dev-launcher:dataBindingMergeDependencyArtifactsRelease UP-TO-DATE
> Task :expo-dev-launcher:dataBindingGenBaseClassesRelease UP-TO-DATE
> Task :expo-dev-launcher:generateReleaseBuildConfig UP-TO-DATE
> Task :expo-dev-menu:checkKotlinGradlePluginConfigurationErrors
> Task :expo-dev-menu:generateReleaseBuildConfig UP-TO-DATE
> Task :expo-dev-menu-interface:checkKotlinGradlePluginConfigurationErrors
> Task :expo-dev-menu-interface:generateReleaseBuildConfig UP-TO-DATE
> Task :expo-dev-menu-interface:compileReleaseKotlin UP-TO-DATE
> Task :expo-dev-menu-interface:javaPreCompileRelease UP-TO-DATE
> Task :expo-dev-menu-interface:compileReleaseJavaWithJavac UP-TO-DATE
> Task :expo-dev-menu-interface:bundleLibCompileToJarRelease UP-TO-DATE
> Task :expo-json-utils:checkKotlinGradlePluginConfigurationErrors
> Task :expo-json-utils:generateReleaseBuildConfig UP-TO-DATE
> Task :expo-json-utils:compileReleaseKotlin UP-TO-DATE
> Task :expo-json-utils:javaPreCompileRelease UP-TO-DATE
> Task :expo-json-utils:compileReleaseJavaWithJavac UP-TO-DATE
> Task :expo-json-utils:bundleLibCompileToJarRelease UP-TO-DATE
> Task :expo-manifests:checkKotlinGradlePluginConfigurationErrors
> Task :expo-manifests:generateReleaseBuildConfig UP-TO-DATE
> Task :expo-manifests:compileReleaseKotlin UP-TO-DATE
> Task :expo-manifests:javaPreCompileRelease UP-TO-DATE
> Task :expo-manifests:compileReleaseJavaWithJavac UP-TO-DATE
> Task :expo-manifests:bundleLibCompileToJarRelease UP-TO-DATE
> Task :expo-dev-menu:compileReleaseKotlin UP-TO-DATE
> Task :expo-dev-menu:javaPreCompileRelease UP-TO-DATE
> Task :expo-dev-menu:compileReleaseJavaWithJavac UP-TO-DATE
> Task :expo-dev-menu:bundleLibCompileToJarRelease UP-TO-DATE
> Task :expo-updates-interface:checkKotlinGradlePluginConfigurationErrors
> Task :expo-updates-interface:generateReleaseBuildConfig UP-TO-DATE
> Task :expo-updates-interface:compileReleaseKotlin UP-TO-DATE
> Task :expo-updates-interface:javaPreCompileRelease UP-TO-DATE
> Task :expo-updates-interface:compileReleaseJavaWithJavac UP-TO-DATE
> Task :expo-updates-interface:bundleLibCompileToJarRelease UP-TO-DATE
> Task :expo-dev-launcher:compileReleaseKotlin UP-TO-DATE
> Task :expo-dev-launcher:javaPreCompileRelease UP-TO-DATE
> Task :expo-dev-launcher:compileReleaseJavaWithJavac UP-TO-DATE
> Task :expo-dev-launcher:bundleLibCompileToJarRelease UP-TO-DATE
> Task :expo-device:checkKotlinGradlePluginConfigurationErrors
> Task :expo-device:generateReleaseBuildConfig UP-TO-DATE
> Task :expo-device:compileReleaseKotlin UP-TO-DATE
> Task :expo-device:javaPreCompileRelease UP-TO-DATE
> Task :expo-device:compileReleaseJavaWithJavac UP-TO-DATE
> Task :expo-device:bundleLibCompileToJarRelease UP-TO-DATE
> Task :expo-eas-client:checkKotlinGradlePluginConfigurationErrors
> Task :expo-eas-client:generateReleaseBuildConfig UP-TO-DATE
> Task :expo-eas-client:compileReleaseKotlin UP-TO-DATE
> Task :expo-eas-client:javaPreCompileRelease UP-TO-DATE
> Task :expo-eas-client:compileReleaseJavaWithJavac UP-TO-DATE
> Task :expo-eas-client:bundleLibCompileToJarRelease UP-TO-DATE
> Task :expo-file-system:checkKotlinGradlePluginConfigurationErrors
> Task :expo-file-system:generateReleaseBuildConfig UP-TO-DATE
> Task :expo-file-system:compileReleaseKotlin UP-TO-DATE
> Task :expo-file-system:javaPreCompileRelease UP-TO-DATE
> Task :expo-file-system:compileReleaseJavaWithJavac UP-TO-DATE
> Task :expo-file-system:bundleLibCompileToJarRelease UP-TO-DATE
> Task :expo-font:checkKotlinGradlePluginConfigurationErrors
> Task :expo-font:generateReleaseBuildConfig UP-TO-DATE
> Task :expo-font:compileReleaseKotlin UP-TO-DATE
> Task :expo-font:javaPreCompileRelease UP-TO-DATE
> Task :expo-font:compileReleaseJavaWithJavac UP-TO-DATE
> Task :expo-font:bundleLibCompileToJarRelease UP-TO-DATE
> Task :expo-haptics:checkKotlinGradlePluginConfigurationErrors
> Task :expo-haptics:generateReleaseBuildConfig UP-TO-DATE
> Task :expo-haptics:compileReleaseKotlin UP-TO-DATE
> Task :expo-haptics:javaPreCompileRelease UP-TO-DATE
> Task :expo-haptics:compileReleaseJavaWithJavac UP-TO-DATE
> Task :expo-haptics:bundleLibCompileToJarRelease UP-TO-DATE
> Task :expo-image:checkKotlinGradlePluginConfigurationErrors
> Task :expo-image:generateReleaseBuildConfig UP-TO-DATE
> Task :expo-image:kaptGenerateStubsReleaseKotlin UP-TO-DATE
> Task :expo-image:kaptReleaseKotlin UP-TO-DATE
> Task :expo-image:compileReleaseKotlin UP-TO-DATE
> Task :expo-image:javaPreCompileRelease UP-TO-DATE
> Task :expo-image:compileReleaseJavaWithJavac UP-TO-DATE
> Task :expo-image:bundleLibCompileToJarRelease UP-TO-DATE
> Task :expo-image-loader:checkKotlinGradlePluginConfigurationErrors
> Task :expo-image-loader:generateReleaseBuildConfig UP-TO-DATE
> Task :expo-image-loader:compileReleaseKotlin UP-TO-DATE
> Task :expo-image-loader:javaPreCompileRelease UP-TO-DATE
> Task :expo-image-loader:compileReleaseJavaWithJavac UP-TO-DATE
> Task :expo-image-loader:bundleLibCompileToJarRelease UP-TO-DATE
> Task :expo-image-picker:checkKotlinGradlePluginConfigurationErrors
> Task :expo-image-picker:generateReleaseBuildConfig UP-TO-DATE
> Task :expo-image-picker:compileReleaseKotlin UP-TO-DATE
> Task :expo-image-picker:javaPreCompileRelease UP-TO-DATE
> Task :expo-image-picker:compileReleaseJavaWithJavac UP-TO-DATE
> Task :expo-image-picker:bundleLibCompileToJarRelease UP-TO-DATE
> Task :expo-keep-awake:checkKotlinGradlePluginConfigurationErrors
> Task :expo-keep-awake:generateReleaseBuildConfig UP-TO-DATE
> Task :expo-keep-awake:compileReleaseKotlin UP-TO-DATE
> Task :expo-keep-awake:javaPreCompileRelease UP-TO-DATE
> Task :expo-keep-awake:compileReleaseJavaWithJavac UP-TO-DATE
> Task :expo-keep-awake:bundleLibCompileToJarRelease UP-TO-DATE
> Task :expo-location:checkKotlinGradlePluginConfigurationErrors
> Task :expo-location:generateReleaseBuildConfig UP-TO-DATE
> Task :expo-location:compileReleaseKotlin UP-TO-DATE
> Task :expo-location:javaPreCompileRelease UP-TO-DATE
> Task :expo-location:compileReleaseJavaWithJavac UP-TO-DATE
> Task :expo-location:bundleLibCompileToJarRelease UP-TO-DATE
> Task :expo-notifications:checkKotlinGradlePluginConfigurationErrors
> Task :expo-notifications:generateReleaseBuildConfig UP-TO-DATE
> Task :expo-notifications:compileReleaseKotlin UP-TO-DATE
> Task :expo-notifications:javaPreCompileRelease UP-TO-DATE
> Task :expo-notifications:compileReleaseJavaWithJavac UP-TO-DATE
> Task :expo-notifications:bundleLibCompileToJarRelease UP-TO-DATE
> Task :expo-splash-screen:checkKotlinGradlePluginConfigurationErrors
> Task :expo-splash-screen:generateReleaseBuildConfig UP-TO-DATE
> Task :expo-splash-screen:compileReleaseKotlin UP-TO-DATE
> Task :expo-splash-screen:javaPreCompileRelease UP-TO-DATE
> Task :expo-splash-screen:compileReleaseJavaWithJavac UP-TO-DATE
> Task :expo-splash-screen:bundleLibCompileToJarRelease UP-TO-DATE
> Task :expo-structured-headers:checkKotlinGradlePluginConfigurationErrors
> Task :expo-structured-headers:generateReleaseBuildConfig UP-TO-DATE
> Task :expo-structured-headers:compileReleaseKotlin NO-SOURCE
> Task :expo-structured-headers:javaPreCompileRelease UP-TO-DATE
> Task :expo-structured-headers:compileReleaseJavaWithJavac UP-TO-DATE
> Task :expo-structured-headers:bundleLibCompileToJarRelease UP-TO-DATE
> Task :expo-task-manager:checkKotlinGradlePluginConfigurationErrors
> Task :expo-task-manager:generateReleaseBuildConfig UP-TO-DATE
> Task :unimodules-app-loader:checkKotlinGradlePluginConfigurationErrors
> Task :unimodules-app-loader:generateReleaseBuildConfig UP-TO-DATE
> Task :unimodules-app-loader:compileReleaseKotlin NO-SOURCE
> Task :unimodules-app-loader:javaPreCompileRelease UP-TO-DATE
> Task :unimodules-app-loader:compileReleaseJavaWithJavac UP-TO-DATE
> Task :unimodules-app-loader:bundleLibCompileToJarRelease UP-TO-DATE
> Task :expo-task-manager:compileReleaseKotlin UP-TO-DATE
> Task :expo-task-manager:javaPreCompileRelease UP-TO-DATE
> Task :expo-task-manager:compileReleaseJavaWithJavac UP-TO-DATE
> Task :expo-task-manager:bundleLibCompileToJarRelease UP-TO-DATE
> Task :expo-updates:checkKotlinGradlePluginConfigurationErrors
> Task :expo-updates:generateReleaseBuildConfig UP-TO-DATE
> Task :expo-updates:kaptGenerateStubsReleaseKotlin UP-TO-DATE
> Task :expo:javaPreCompileRelease UP-TO-DATE
> Task :react-native-async-storage_async-storage:generateReleaseBuildConfig UP-TO-DATE
> Task :react-native-async-storage_async-storage:javaPreCompileRelease UP-TO-DATE
> Task :expo-updates:javaPreCompileRelease
> Task :react-native-async-storage_async-storage:compileReleaseJavaWithJavac UP-TO-DATE
> Task :react-native-async-storage_async-storage:bundleLibCompileToJarRelease UP-TO-DATE
> Task :react-native-community_netinfo:generateReleaseBuildConfig UP-TO-DATE
> Task :react-native-community_netinfo:javaPreCompileRelease UP-TO-DATE
> Task :react-native-community_netinfo:compileReleaseJavaWithJavac UP-TO-DATE
> Task :react-native-community_netinfo:bundleLibCompileToJarRelease UP-TO-DATE
> Task :react-native-gesture-handler:checkKotlinGradlePluginConfigurationErrors
> Task :react-native-gesture-handler:generateReleaseBuildConfig UP-TO-DATE
> Task :react-native-gesture-handler:compileReleaseKotlin UP-TO-DATE
> Task :react-native-gesture-handler:javaPreCompileRelease UP-TO-DATE
> Task :react-native-gesture-handler:compileReleaseJavaWithJavac UP-TO-DATE
> Task :react-native-gesture-handler:bundleLibCompileToJarRelease UP-TO-DATE
> Task :react-native-maps:generateReleaseBuildConfig UP-TO-DATE
> Task :react-native-maps:javaPreCompileRelease UP-TO-DATE
> Task :react-native-maps:compileReleaseJavaWithJavac UP-TO-DATE
> Task :react-native-maps:bundleLibCompileToJarRelease UP-TO-DATE
> Task :react-native-safe-area-context:checkKotlinGradlePluginConfigurationErrors
> Task :react-native-safe-area-context:generateReleaseBuildConfig UP-TO-DATE
> Task :react-native-safe-area-context:compileReleaseKotlin UP-TO-DATE
> Task :react-native-safe-area-context:javaPreCompileRelease UP-TO-DATE
> Task :react-native-safe-area-context:compileReleaseJavaWithJavac UP-TO-DATE
> Task :react-native-safe-area-context:bundleLibCompileToJarRelease UP-TO-DATE
> Task :react-native-screens:checkKotlinGradlePluginConfigurationErrors
> Task :react-native-screens:generateReleaseBuildConfig UP-TO-DATE
> Task :react-native-screens:compileReleaseKotlin UP-TO-DATE
> Task :react-native-screens:javaPreCompileRelease UP-TO-DATE
> Task :react-native-screens:compileReleaseJavaWithJavac UP-TO-DATE
> Task :react-native-screens:bundleLibCompileToJarRelease UP-TO-DATE
> Task :react-native-svg:generateReleaseBuildConfig UP-TO-DATE
> Task :react-native-svg:javaPreCompileRelease UP-TO-DATE
> Task :react-native-svg:compileReleaseJavaWithJavac UP-TO-DATE
> Task :react-native-svg:bundleLibCompileToJarRelease UP-TO-DATE
> Task :sentry_react-native:generateReleaseBuildConfig UP-TO-DATE
> Task :sentry_react-native:javaPreCompileRelease UP-TO-DATE
> Task :sentry_react-native:compileReleaseJavaWithJavac UP-TO-DATE
> Task :sentry_react-native:bundleLibCompileToJarRelease UP-TO-DATE
> Task :app:javaPreCompileRelease UP-TO-DATE
> Task :app:extractProguardFiles UP-TO-DATE
> Task :expo:mergeReleaseJniLibFolders UP-TO-DATE
> Task :expo:mergeReleaseNativeLibs NO-SOURCE
> Task :expo:stripReleaseDebugSymbols NO-SOURCE
> Task :expo:copyReleaseJniLibsProjectAndLocalJars UP-TO-DATE
> Task :expo:extractDeepLinksForAarRelease UP-TO-DATE
> Task :expo:mergeReleaseShaders UP-TO-DATE
> Task :expo:compileReleaseShaders NO-SOURCE
> Task :expo:generateReleaseAssets UP-TO-DATE
> Task :expo:packageReleaseAssets UP-TO-DATE
> Task :expo:prepareLintJarForPublish UP-TO-DATE
> Task :expo:prepareReleaseArtProfile UP-TO-DATE
> Task :expo-application:mergeReleaseJniLibFolders UP-TO-DATE
> Task :expo-application:mergeReleaseNativeLibs NO-SOURCE
> Task :expo-application:stripReleaseDebugSymbols NO-SOURCE
> Task :expo-application:copyReleaseJniLibsProjectAndLocalJars UP-TO-DATE
> Task :expo-application:extractDeepLinksForAarRelease UP-TO-DATE
> Task :expo-application:extractReleaseAnnotations UP-TO-DATE
> Task :expo-application:mergeReleaseGeneratedProguardFiles UP-TO-DATE
> Task :expo-application:mergeReleaseConsumerProguardFiles UP-TO-DATE
> Task :expo-application:mergeReleaseShaders UP-TO-DATE
> Task :expo-application:compileReleaseShaders NO-SOURCE
> Task :expo-application:generateReleaseAssets UP-TO-DATE
> Task :expo-application:packageReleaseAssets UP-TO-DATE
> Task :expo-application:prepareLintJarForPublish UP-TO-DATE
> Task :expo-application:prepareReleaseArtProfile UP-TO-DATE
> Task :expo-application:processReleaseJavaRes UP-TO-DATE
> Task :expo-application:mergeReleaseJavaResource UP-TO-DATE
> Task :expo-application:syncReleaseLibJars UP-TO-DATE
> Task :expo-application:bundleReleaseLocalLintAar UP-TO-DATE
> Task :expo-asset:mergeReleaseJniLibFolders UP-TO-DATE
> Task :expo-asset:mergeReleaseNativeLibs NO-SOURCE
> Task :expo-asset:stripReleaseDebugSymbols NO-SOURCE
> Task :expo-asset:copyReleaseJniLibsProjectAndLocalJars UP-TO-DATE
> Task :expo-asset:extractDeepLinksForAarRelease UP-TO-DATE
> Task :expo-asset:extractReleaseAnnotations UP-TO-DATE
> Task :expo-asset:mergeReleaseGeneratedProguardFiles UP-TO-DATE
> Task :expo-asset:mergeReleaseConsumerProguardFiles UP-TO-DATE
> Task :expo-asset:mergeReleaseShaders UP-TO-DATE
> Task :expo-asset:compileReleaseShaders NO-SOURCE
> Task :expo-asset:generateReleaseAssets UP-TO-DATE
> Task :expo-asset:packageReleaseAssets UP-TO-DATE
> Task :expo-asset:prepareLintJarForPublish UP-TO-DATE
> Task :expo-asset:prepareReleaseArtProfile UP-TO-DATE
> Task :expo-asset:processReleaseJavaRes UP-TO-DATE
> Task :expo-asset:mergeReleaseJavaResource UP-TO-DATE
> Task :expo-asset:syncReleaseLibJars UP-TO-DATE
> Task :expo-asset:bundleReleaseLocalLintAar UP-TO-DATE

> Task :expo-av:configureCMakeRelWithDebInfo[arm64-v8a]
[CXX5304] This version only understands SDK XML versions up to 3 but an SDK XML file of version 4 was encountered. This can happen if you use versions of Android Studio and the command-line tools that were released at different times.
[CXX5304] This version only understands SDK XML versions up to 3 but an SDK XML file of version 4 was encountered. This can happen if you use versions of Android Studio and the command-line tools that were released at different times.
[CXX5304] Observed package id 'ndk;26.1.10909125' in inconsistent location 'C:\Users\ASUS\AppData\Local\Android\Sdk\ndk\26.1.10909125.linux-bak' (Expected 'C:\Users\ASUS\AppData\Local\Android\Sdk\ndk\26.1.10909125')
[CXX5304] Observed package id 'ndk;26.1.10909125' in inconsistent location 'C:\Users\ASUS\AppData\Local\Android\Sdk\ndk\26.1.10909125.linux-bak' (Expected 'C:\Users\ASUS\AppData\Local\Android\Sdk\ndk\26.1.10909125')

> Task :expo-av:buildCMakeRelWithDebInfo[arm64-v8a]

> Task :expo-updates:kaptReleaseKotlin
gradlew.bat : Unexpected IOException
At line:1 char:105
+ ... $env:PATH"; & '.\gradlew.bat' assembleRelease --no-daemon --console=p ...
+                 ~~~~~~~~~~~~~~~~~~~~~~~~~~~~~~~~~~~~~~~~~~~~~~~~~~~~~~~~~
    + CategoryInfo          : NotSpecified: (Unexpected IOException:String) [], RemoteException
    + FullyQualifiedErrorId : NativeCommandError
 
java.nio.file.AccessDeniedException: C:\Windows\sqlite-3.46.1.3-197a9720-027b-4f52-a891-45f701736395-sqlitejdbc.dll.lck
	at java.base/sun.nio.fs.WindowsException.translateToIOException(WindowsException.java:89)
	at java.base/sun.nio.fs.WindowsException.rethrowAsIOException(WindowsException.java:103)
	at java.base/sun.nio.fs.WindowsException.rethrowAsIOException(WindowsException.java:108)
	at java.base/sun.nio.fs.WindowsFileSystemProvider.newByteChannel(WindowsFileSystemProvider.java:236)
	at java.base/java.nio.file.Files.newByteChannel(Files.java:380)
	at java.base/java.nio.file.Files.createFile(Files.java:658)
	at org.sqlite.SQLiteJDBCLoader.extractAndLoadLibraryFile(SQLiteJDBCLoader.java:196)
	at org.sqlite.SQLiteJDBCLoader.loadSQLiteNativeLibrary(SQLiteJDBCLoader.java:330)
	at org.sqlite.SQLiteJDBCLoader.initialize(SQLiteJDBCLoader.java:75)
	at androidx.room.verifier.DatabaseVerifier.<clinit>(DatabaseVerifier.kt:79)
	at androidx.room.processor.DatabaseProcessor.doProcess(DatabaseProcessor.kt:81)
	at androidx.room.processor.DatabaseProcessor.process(DatabaseProcessor.kt:60)
	at androidx.room.DatabaseProcessingStep$process$databases$1$1.invoke(DatabaseProcessingStep.kt:68)
	at androidx.room.DatabaseProcessingStep$process$databases$1$1.invoke(DatabaseProcessingStep.kt:64)
	at androidx.room.processor.Context.collectLogs(Context.kt:192)
	at androidx.room.DatabaseProcessingStep.process(DatabaseProcessingStep.kt:64)
	at androidx.room.compiler.processing.CommonProcessorDelegate.processRound(XBasicAnnotationProcessor.kt:130)
	at androidx.room.compiler.processing.javac.JavacBasicAnnotationProcessor.process(JavacBasicAnnotationProcessor.kt:73)
	at org.jetbrains.kotlin.kapt3.base.incremental.IncrementalProcessor.process(incrementalProcessors.kt:90)
	at org.jetbrains.kotlin.kapt3.base.ProcessorWrapper.process(annotationProcessing.kt:209)
	at jdk.compiler/com.sun.tools.javac.processing.JavacProcessingEnvironment.callProcessor(JavacProcessingEnvironment.jav
a:1023)
	at jdk.compiler/com.sun.tools.javac.processing.JavacProcessingEnvironment.discoverAndRunProcs(JavacProcessingEnvironme
nt.java:939)
	at 
jdk.compiler/com.sun.tools.javac.processing.JavacProcessingEnvironment$Round.run(JavacProcessingEnvironment.java:1267)
	at jdk.compiler/com.sun.tools.javac.processing.JavacProcessingEnvironment.doProcessing(JavacProcessingEnvironment.java
:1382)
	at jdk.compiler/com.sun.tools.javac.main.JavaCompiler.processAnnotations(JavaCompiler.java:1234)
	at java.base/jdk.internal.reflect.NativeMethodAccessorImpl.invoke0(Native Method)
	at java.base/jdk.internal.reflect.NativeMethodAccessorImpl.invoke(NativeMethodAccessorImpl.java:77)
	at java.base/jdk.internal.reflect.DelegatingMethodAccessorImpl.invoke(DelegatingMethodAccessorImpl.java:43)
	at java.base/java.lang.reflect.Method.invoke(Method.java:569)
	at org.jetbrains.kotlin.kapt3.base.AnnotationProcessingKt.doAnnotationProcessing(annotationProcessing.kt:92)
	at org.jetbrains.kotlin.kapt3.base.AnnotationProcessingKt.doAnnotationProcessing$default(annotationProcessing.kt:33)
	at org.jetbrains.kotlin.kapt3.base.Kapt.kapt(Kapt.kt:47)
	at java.base/jdk.internal.reflect.NativeMethodAccessorImpl.invoke0(Native Method)
	at java.base/jdk.internal.reflect.NativeMethodAccessorImpl.invoke(NativeMethodAccessorImpl.java:77)
	at java.base/jdk.internal.reflect.DelegatingMethodAccessorImpl.invoke(DelegatingMethodAccessorImpl.java:43)
	at java.base/java.lang.reflect.Method.invoke(Method.java:569)
	at org.jetbrains.kotlin.gradle.internal.KaptExecution.run(KaptWithoutKotlincTask.kt:320)
	at org.jetbrains.kotlin.gradle.internal.KaptWithoutKotlincTask$KaptExecutionWorkAction.execute(KaptWithoutKotlincTask.
kt:266)
	at org.gradle.workers.internal.DefaultWorkerServer.execute(DefaultWorkerServer.java:63)
	at org.gradle.workers.internal.AbstractClassLoaderWorker$1.create(AbstractClassLoaderWorker.java:54)
	at org.gradle.workers.internal.AbstractClassLoaderWorker$1.create(AbstractClassLoaderWorker.java:48)
	at org.gradle.internal.classloader.ClassLoaderUtils.executeInClassloader(ClassLoaderUtils.java:100)
	at org.gradle.workers.internal.AbstractClassLoaderWorker.executeInClassLoader(AbstractClassLoaderWorker.java:48)
	at org.gradle.workers.internal.IsolatedClassloaderWorker.run(IsolatedClassloaderWorker.java:49)
	at org.gradle.workers.internal.IsolatedClassloaderWorker.run(IsolatedClassloaderWorker.java:30)
	at org.gradle.workers.internal.WorkerDaemonServer.run(WorkerDaemonServer.java:102)
	at org.gradle.workers.internal.WorkerDaemonServer.run(WorkerDaemonServer.java:71)
	at org.gradle.process.internal.worker.request.WorkerAction$1.call(WorkerAction.java:146)
	at org.gradle.process.internal.worker.child.WorkerLogEventListener.withWorkerLoggingProtocol(WorkerLogEventListener.ja
va:41)
	at org.gradle.process.internal.worker.request.WorkerAction.lambda$run$0(WorkerAction.java:143)
	at org.gradle.internal.operations.CurrentBuildOperationRef.with(CurrentBuildOperationRef.java:80)
	at org.gradle.process.internal.worker.request.WorkerAction.run(WorkerAction.java:135)
	at java.base/jdk.internal.reflect.NativeMethodAccessorImpl.invoke0(Native Method)
	at java.base/jdk.internal.reflect.NativeMethodAccessorImpl.invoke(NativeMethodAccessorImpl.java:77)
	at java.base/jdk.internal.reflect.DelegatingMethodAccessorImpl.invoke(DelegatingMethodAccessorImpl.java:43)
	at java.base/java.lang.reflect.Method.invoke(Method.java:569)
	at org.gradle.internal.dispatch.ReflectionDispatch.dispatch(ReflectionDispatch.java:36)
	at org.gradle.internal.dispatch.ReflectionDispatch.dispatch(ReflectionDispatch.java:24)
	at org.gradle.internal.remote.internal.hub.MessageHubBackedObjectConnection$DispatchWrapper.dispatch(MessageHubBackedO
bjectConnection.java:182)
	at org.gradle.internal.remote.internal.hub.MessageHubBackedObjectConnection$DispatchWrapper.dispatch(MessageHubBackedO
bjectConnection.java:164)
	at org.gradle.internal.remote.internal.hub.MessageHub$Handler.run(MessageHub.java:414)
	at org.gradle.internal.concurrent.ExecutorPolicy$CatchAndRecordFailures.onExecute(ExecutorPolicy.java:64)
	at org.gradle.internal.concurrent.AbstractManagedExecutor$1.run(AbstractManagedExecutor.java:47)
	at java.base/java.util.concurrent.ThreadPoolExecutor.runWorker(ThreadPoolExecutor.java:1136)
	at java.base/java.util.concurrent.ThreadPoolExecutor$Worker.run(ThreadPoolExecutor.java:635)
	at java.base/java.lang.Thread.run(Thread.java:840)
Failed to load native library through System.loadLibrary
java.lang.UnsatisfiedLinkError: no sqlitejdbc in java.library.path: C:\Users\ASUS\.gradle\jdks\eclipse_adoptium-17-amd6
4-windows\jdk-17.0.19+10\bin;C:\Windows\Sun\Java\bin;C:\Windows\system32;C:\Windows;.
	at java.base/java.lang.ClassLoader.loadLibrary(ClassLoader.java:2434)
	at java.base/java.lang.Runtime.loadLibrary0(Runtime.java:818)
	at java.base/java.lang.System.loadLibrary(System.java:2006)
	at org.sqlite.SQLiteJDBCLoader.loadNativeLibraryJdk(SQLiteJDBCLoader.java:285)
	at org.sqlite.SQLiteJDBCLoader.loadSQLiteNativeLibrary(SQLiteJDBCLoader.java:354)
	at org.sqlite.SQLiteJDBCLoader.initialize(SQLiteJDBCLoader.java:75)
	at androidx.room.verifier.DatabaseVerifier.<clinit>(DatabaseVerifier.kt:79)
	at androidx.room.processor.DatabaseProcessor.doProcess(DatabaseProcessor.kt:81)
	at androidx.room.processor.DatabaseProcessor.process(DatabaseProcessor.kt:60)
	at androidx.room.DatabaseProcessingStep$process$databases$1$1.invoke(DatabaseProcessingStep.kt:68)
	at androidx.room.DatabaseProcessingStep$process$databases$1$1.invoke(DatabaseProcessingStep.kt:64)
	at androidx.room.processor.Context.collectLogs(Context.kt:192)
	at androidx.room.DatabaseProcessingStep.process(DatabaseProcessingStep.kt:64)
	at androidx.room.compiler.processing.CommonProcessorDelegate.processRound(XBasicAnnotationProcessor.kt:130)
	at androidx.room.compiler.processing.javac.JavacBasicAnnotationProcessor.process(JavacBasicAnnotationProcessor.kt:73)
	at org.jetbrains.kotlin.kapt3.base.incremental.IncrementalProcessor.process(incrementalProcessors.kt:90)
	at org.jetbrains.kotlin.kapt3.base.ProcessorWrapper.process(annotationProcessing.kt:209)
	at jdk.compiler/com.sun.tools.javac.processing.JavacProcessingEnvironment.callProcessor(JavacProcessingEnvironment.jav
a:1023)
	at jdk.compiler/com.sun.tools.javac.processing.JavacProcessingEnvironment.discoverAndRunProcs(JavacProcessingEnvironme
nt.java:939)
	at 
jdk.compiler/com.sun.tools.javac.processing.JavacProcessingEnvironment$Round.run(JavacProcessingEnvironment.java:1267)
	at jdk.compiler/com.sun.tools.javac.processing.JavacProcessingEnvironment.doProcessing(JavacProcessingEnvironment.java
:1382)
	at jdk.compiler/com.sun.tools.javac.main.JavaCompiler.processAnnotations(JavaCompiler.java:1234)
	at java.base/jdk.internal.reflect.NativeMethodAccessorImpl.invoke0(Native Method)
	at java.base/jdk.internal.reflect.NativeMethodAccessorImpl.invoke(NativeMethodAccessorImpl.java:77)
	at java.base/jdk.internal.reflect.DelegatingMethodAccessorImpl.invoke(DelegatingMethodAccessorImpl.java:43)
	at java.base/java.lang.reflect.Method.invoke(Method.java:569)
	at org.jetbrains.kotlin.kapt3.base.AnnotationProcessingKt.doAnnotationProcessing(annotationProcessing.kt:92)
	at org.jetbrains.kotlin.kapt3.base.AnnotationProcessingKt.doAnnotationProcessing$default(annotationProcessing.kt:33)
	at org.jetbrains.kotlin.kapt3.base.Kapt.kapt(Kapt.kt:47)
	at java.base/jdk.internal.reflect.NativeMethodAccessorImpl.invoke0(Native Method)
	at java.base/jdk.internal.reflect.NativeMethodAccessorImpl.invoke(NativeMethodAccessorImpl.java:77)
	at java.base/jdk.internal.reflect.DelegatingMethodAccessorImpl.invoke(DelegatingMethodAccessorImpl.java:43)
	at java.base/java.lang.reflect.Method.invoke(Method.java:569)
	at org.jetbrains.kotlin.gradle.internal.KaptExecution.run(KaptWithoutKotlincTask.kt:320)
	at org.jetbrains.kotlin.gradle.internal.KaptWithoutKotlincTask$KaptExecutionWorkAction.execute(KaptWithoutKotlincTask.
kt:266)
	at org.gradle.workers.internal.DefaultWorkerServer.execute(DefaultWorkerServer.java:63)
	at org.gradle.workers.internal.AbstractClassLoaderWorker$1.create(AbstractClassLoaderWorker.java:54)
	at org.gradle.workers.internal.AbstractClassLoaderWorker$1.create(AbstractClassLoaderWorker.java:48)
	at org.gradle.internal.classloader.ClassLoaderUtils.executeInClassloader(ClassLoaderUtils.java:100)
	at org.gradle.workers.internal.AbstractClassLoaderWorker.executeInClassLoader(AbstractClassLoaderWorker.java:48)
	at org.gradle.workers.internal.IsolatedClassloaderWorker.run(IsolatedClassloaderWorker.java:49)
	at org.gradle.workers.internal.IsolatedClassloaderWorker.run(IsolatedClassloaderWorker.java:30)
	at org.gradle.workers.internal.WorkerDaemonServer.run(WorkerDaemonServer.java:102)
	at org.gradle.workers.internal.WorkerDaemonServer.run(WorkerDaemonServer.java:71)
	at org.gradle.process.internal.worker.request.WorkerAction$1.call(WorkerAction.java:146)
	at org.gradle.process.internal.worker.child.WorkerLogEventListener.withWorkerLoggingProtocol(WorkerLogEventListener.ja
va:41)
	at org.gradle.process.internal.worker.request.WorkerAction.lambda$run$0(WorkerAction.java:143)
	at org.gradle.internal.operations.CurrentBuildOperationRef.with(CurrentBuildOperationRef.java:80)
	at org.gradle.process.internal.worker.request.WorkerAction.run(WorkerAction.java:135)
	at java.base/jdk.internal.reflect.NativeMethodAccessorImpl.invoke0(Native Method)
	at java.base/jdk.internal.reflect.NativeMethodAccessorImpl.invoke(NativeMethodAccessorImpl.java:77)
	at java.base/jdk.internal.reflect.DelegatingMethodAccessorImpl.invoke(DelegatingMethodAccessorImpl.java:43)
	at java.base/java.lang.reflect.Method.invoke(Method.java:569)
	at org.gradle.internal.dispatch.ReflectionDispatch.dispatch(ReflectionDispatch.java:36)
	at org.gradle.internal.dispatch.ReflectionDispatch.dispatch(ReflectionDispatch.java:24)
	at org.gradle.internal.remote.internal.hub.MessageHubBackedObjectConnection$DispatchWrapper.dispatch(MessageHubBackedO
bjectConnection.java:182)
	at org.gradle.internal.remote.internal.hub.MessageHubBackedObjectConnection$DispatchWrapper.dispatch(MessageHubBackedO
bjectConnection.java:164)
	at org.gradle.internal.remote.internal.hub.MessageHub$Handler.run(MessageHub.java:414)
	at org.gradle.internal.concurrent.ExecutorPolicy$CatchAndRecordFailures.onExecute(ExecutorPolicy.java:64)
	at org.gradle.internal.concurrent.AbstractManagedExecutor$1.run(AbstractManagedExecutor.java:47)

> Task :expo-updates:kaptReleaseKotlin FAILED
	at java.base/java.util.concurrent.ThreadPoolExecutor.runWorker(ThreadPoolExecutor.java:1136)
	at java.base/java.util.concurrent.ThreadPoolExecutor$Worker.run(ThreadPoolExecutor.java:635)
	at java.base/java.lang.Thread.run(Thread.java:840)
> Task :expo-av:configureCMakeRelWithDebInfo[armeabi-v7a]

FAILURE: Build failed with an exception.

* What went wrong:
Execution failed for task ':expo-updates:kaptReleaseKotlin'.
> A failure occurred while executing 
org.jetbrains.kotlin.gradle.internal.KaptWithoutKotlincTask$KaptExecutionWorkAction

* Try:
> Run with --stacktrace option to get the stack trace.
> Run with --info or --debug option to get more log output.
> Run with --scan to get full insights.
> Get more help at https://help.gradle.org.

BUILD FAILED in 2m 15s
586 actionable tasks: 43 executed, 543 up-to-date
