★ eas-cli@22.0.0 is now available.
To upgrade, run:
npm install -g eas-cli
Proceeding with outdated version.

Resolved "preview" environment for the build. Learn more: https://docs.expo.dev/eas/environment-variables/#setting-the-environment-for-your-builds
Environment variables with visibility "Plain text" and "Sensitive" loaded from the "preview" environment on EAS: GOOGLE_SERVICES_JSON_BASE64.
Environment variables loaded from the "ec2" build profile "env" configuration: EXPO_PUBLIC_API_BASE_URL, EXPO_PUBLIC_GOOGLE_MAPS_API_KEY.

File specified via "android.googleServicesFile" field in your app.json is not checked in to your repository and won't be uploaded to the builder.
Use EAS file environment variables with secret or sensitive visibility to pass all values that you don't want to include in your version control to build process. Learn more: https://docs.expo.dev/eas/environment-variables/#file-environment-variables

- Incrementing versionCode from 41 to 42.
✔ Incremented versionCode from 41 to 42.
✔ Using remote Android credentials (Expo server)
✔ Using Keystore from configuration: Build Credentials 6sFzCIAuws (default)
- Compressing project files
ANDROID_NDK_HOME environment variable was not specified, continuing build without NDK
[SETUP_WORKINGDIR] Preparing workingdir /tmp/cheo/eas-build-local-nodejs/e5896019-0b0f-453e-91c0-dbce286d1c33
[START_BUILD] Starting build
  "job": {
    "type": "managed",
    "platform": "android",
    "projectRootDirectory": "mobile/provider",
    "projectArchive": {
      "type": "PATH",
      "path": "/tmp/cheo/eas-cli-nodejs/b1613269-131f-4e10-bb06-1fa0eb4165a4.tar.gz"
    },
    "builderEnvironment": {
      "env": {
        "EXPO_PUBLIC_API_BASE_URL": "https://itvisionplus.sn",
        "EXPO_PUBLIC_GOOGLE_MAPS_API_KEY": "AIzaSyAkh3v595UpJH-hbBB1rpLyasGTWrHLmpE"
      }
    },
    "cache": {
      "disabled": false,
      "paths": [],
      "clear": false
    },
    "updates": {
      "channel": "ec2"
    },
    "buildType": "apk",
    "username": "xeuy",
    "version": {
      "versionCode": "42"
    },
    "experimental": {},
    "mode": "build",
    "triggeredBy": "EAS_CLI",
    "appId": "30c35b9c-cc94-492f-9978-a1f10809b532",
    "initiatingUserId": "20e3e64e-52e5-432c-ba28-231c0512df01"
  }
Local build, skipping project archive refresh
[PREPARE_PROJECT] .npmrc found at mobile/provider/.npmrc
[READ_EAS_JSON] Using eas.json:
[READ_EAS_JSON] {
  "cli": { "version": ">= 10.0.0", "appVersionSource": "remote" },
  "build": {
    "development": {
      "developmentClient": true,
      "distribution": "internal",
      "env": {
        "EXPO_PUBLIC_API_BASE_URL": "http://192.168.1.100:3000",
        "EXPO_PUBLIC_GOOGLE_MAPS_API_KEY": "AIzaSyAkh3v595UpJH-hbBB1rpLyasGTWrHLmpE"
      }
    },
    "preview": {
      "distribution": "internal",
      "ios": { "simulator": false },
      "env": {
        "EXPO_PUBLIC_API_BASE_URL": "https://staging.itvisionplus.sn",
        "EXPO_PUBLIC_GOOGLE_MAPS_API_KEY": "AIzaSyAkh3v595UpJH-hbBB1rpLyasGTWrHLmpE"
      }
    },
    "ec2": {
      "distribution": "internal",
      "channel": "ec2",
      "autoIncrement": true,
      "android": { "buildType": "apk" },
      "env": {
        "EXPO_PUBLIC_API_BASE_URL": "https://itvisionplus.sn",
        "EXPO_PUBLIC_GOOGLE_MAPS_API_KEY": "AIzaSyAkh3v595UpJH-hbBB1rpLyasGTWrHLmpE"
      }
    },
    "production": {
      "autoIncrement": true,
      "env": {
        "EXPO_PUBLIC_API_BASE_URL": "https://itvisionplus.sn",
        "EXPO_PUBLIC_GOOGLE_MAPS_API_KEY": "AIzaSyAkh3v595UpJH-hbBB1rpLyasGTWrHLmpE"
      }
    }
  }
}

[READ_PACKAGE_JSON] Using package.json:
[READ_PACKAGE_JSON] {
  "name": "xeuy-provider",
  "version": "0.1.0",
  "private": true,
  "main": "expo-router/entry",
  "scripts": {
    "start": "expo start --port 8083",
    "android": "expo run:android",
    "ios": "expo run:ios",
    "web": "expo start --web",
    "test": "jest",
    "type-check": "tsc --noEmit",
    "build:apk": "eas build --platform android --profile ec2",
    "update:ota": "eas update --branch ec2"
  },
  "dependencies": {
    "@react-native-async-storage/async-storage": "~1.23.1",
    "@react-native-community/netinfo": "11.3.1",
    "@sentry/react-native": "~5.24.3",
    "@tanstack/react-query": "^5.45.0",
    "expo": "~51.0.0",
    "expo-application": "~5.9.1",
    "expo-av": "~14.0.6",
    "expo-constants": "~16.0.2",
    "expo-dev-client": "~4.0.29",
    "expo-device": "~6.0.0",
    "expo-file-system": "~17.0.1",
    "expo-haptics": "~13.0.0",
    "expo-image": "~1.13.0",
    "expo-image-picker": "~15.1.0",
    "expo-linking": "~6.3.1",
    "expo-location": "~17.0.1",
    "expo-notifications": "~0.28.9",
    "expo-router": "~3.5.17",
    "expo-secure-store": "~13.0.2",
    "expo-status-bar": "~1.12.1",
    "expo-task-manager": "~11.8.2",
    "expo-updates": "~0.25.0",
    "i18next": "^26.3.0",
    "lucide-react-native": "^0.378.0",
    "react": "18.2.0",
    "react-dom": "18.2.0",
    "react-i18next": "^17.0.8",
    "react-native": "0.74.5",
    "react-native-gesture-handler": "~2.16.1",
    "react-native-maps": "1.14.0",
    "react-native-safe-area-context": "4.10.5",
    "react-native-screens": "~3.31.1",
    "react-native-svg": "~15.2.0",
    "react-native-web": "~0.19.10",
    "socket.io-client": "^4.8.3"
  },
  "devDependencies": {
    "@types/jest": "^29.5.14",
    "jest": "^29.7.0",
    "ts-jest": "^29.4.11",
    "typescript": "~5.3.3"
  }
}
[INSTALL_DEPENDENCIES] Running "npm install --include=dev" in /tmp/cheo/eas-build-local-nodejs/e5896019-0b0f-453e-91c0-dbce286d1c33/build/mobile/provider directory
[INSTALL_DEPENDENCIES] npm warn deprecated osenv@0.1.5: This package is no longer supported.
[INSTALL_DEPENDENCIES] npm warn deprecated inflight@1.0.6: This module is not supported, and leaks memory. Do not use it. Check out lru-cache if you want a good and tested way to coalesce async requests by a key value, which is much more comprehensive and powerful.
[INSTALL_DEPENDENCIES] npm warn deprecated @babel/plugin-proposal-optional-catch-binding@7.18.6: This proposal has been merged to the ECMAScript standard and thus this plugin is no longer maintained. Please use @babel/plugin-transform-optional-catch-binding instead.
[INSTALL_DEPENDENCIES] npm warn deprecated @babel/plugin-proposal-numeric-separator@7.18.6: This proposal has been merged to the ECMAScript standard and thus this plugin is no longer maintained. Please use @babel/plugin-transform-numeric-separator instead.
[INSTALL_DEPENDENCIES] npm warn deprecated @babel/plugin-proposal-nullish-coalescing-operator@7.18.6: This proposal has been merged to the ECMAScript standard and thus this plugin is no longer maintained. Please use @babel/plugin-transform-nullish-coalescing-operator instead.
[INSTALL_DEPENDENCIES] npm warn deprecated @babel/plugin-proposal-class-properties@7.18.6: This proposal has been merged to the ECMAScript standard and thus this plugin is no longer maintained. Please use @babel/plugin-transform-class-properties instead.
[INSTALL_DEPENDENCIES] npm warn deprecated rimraf@2.6.3: Rimraf versions prior to v4 are no longer supported
[INSTALL_DEPENDENCIES] npm warn deprecated rimraf@3.0.2: Rimraf versions prior to v4 are no longer supported
[INSTALL_DEPENDENCIES] npm warn deprecated @babel/plugin-proposal-logical-assignment-operators@7.20.7: This proposal has been merged to the ECMAScript standard and thus this plugin is no longer maintained. Please use @babel/plugin-transform-logical-assignment-operators instead.
[INSTALL_DEPENDENCIES] npm warn deprecated @babel/plugin-proposal-optional-chaining@7.21.0: This proposal has been merged to the ECMAScript standard and thus this plugin is no longer maintained. Please use @babel/plugin-transform-optional-chaining instead.
[INSTALL_DEPENDENCIES] npm warn deprecated glob@7.2.3: Old versions of glob are not supported, and contain widely publicized security vulnerabilities, which have been fixed in the current version. Please update. Support for old versions may be purchased (at exorbitant rates) by contacting i@izs.me
[INSTALL_DEPENDENCIES] npm warn deprecated sudo-prompt@9.2.1: Package no longer supported. Contact Support at https://www.npmjs.com/support for more info.
[INSTALL_DEPENDENCIES] npm warn deprecated querystring@0.2.1: The querystring API is considered Legacy. new code should use the URLSearchParams API instead.
